testIncludeLineMappingExplicitFiles[GLSL_PASSTHROUGH,LINE_MARKERS,NAMED_LINE_MARKERS_Y/Ave1XPFEAn5nYsR2tYDIZlvJU]=[
#include "a"
#version 330 core
foo
#include "b"
#extension GL_ARB_texture_rectangle : enable
#include "b"

<><><><><><><><><><><><><><><><><><><><><><><><><>
(no error)
]


testIncludeLineMappingExplicitFiles[LINE_MARKERS,NAMED_LINE_MARKERS_2x93/pYHABoACwhPVaFOcpcwPI0]=[
bar
#include "a"
foo

<><><><><><><><><><><><><><><><><><><><><><><><><>
(no error)
]


testIncludeLineMappingExplicitFiles[LINE_MARKERS,NAMED_LINE_MARKERS_khv4ydPR8xYuU40++utyw/fXhrE]=[
#include "a"
<><><><><><><><><><><><><><><><><><><><><><><><><>
(no error)
]


testIncludeLineMappingExplicitFiles[PRAGMA_ONCE,LINE_MARKERS,NAMED_LINE_MARKERS_sIEPPAQhrxBRiCEerd7tv3qOzuc]=[
bar
#include "a"
second
#include "a"
foo

<><><><><><><><><><><><><><><><><><><><><><><><><>
(no error)
]


testIncludeLineMapping[LINE_MARKERS,NAMED_LINE_MARKERS_dSPMsT7XryDyTsdqDoJrH6BH3Zo]=[
bar
#include "length!2:a"
foo

<><><><><><><><><><><><><><><><><><><><><><><><><>
(no error)
]


testIncludeLineMapping[LINE_MARKERS,NAMED_LINE_MARKERS_ylY/w6VK6e4/mk6/CiSkpxnOBXs]=[
bar
#include "length!2:a"
#include "length!2:b"
baz
#include "length!3:c"
foo

<><><><><><><><><><><><><><><><><><><><><><><><><>
(no error)
]


testIncludeLineMapping[LINE_MARKERS_dSPMsT7XryDyTsdqDoJrH6BH3Zo]=[
bar
#include "length!2:a"
foo

<><><><><><><><><><><><><><><><><><><><><><><><><>
(no error)
]


testPreprocessor[GLSL_PASSTHROUGH,GLSL_CUSTOM_PASSTHROUGH,ARBITRARY_PRAGMAS_uO+aZa+FgyCVAejH6nxTkTt0CWQ]=[
#custom fdsaflsj 43lk j43kljgkld "fds" +,--,fds
#version 330 core
#pragma foo bar fdafds a

<><><><><><><><><><><><><><><><><><><><><><><><><>
(no error)
]


testPreprocessor[GLSL_PASSTHROUGH,GLSL_CUSTOM_PASSTHROUGH_WD5wCCQXiHxE57nVQkXoycdQjks]=[
#version
#extension
#custom

<><><><><><><><><><><><><><><><><><><><><><><><><>
(no error)
]


testPreprocessor[GLSL_PASSTHROUGH_ORQdau2vuA/2h/xeXX1yjDgBKng]=[
#version 330 core
foo bar
#extension foo : bar
#define DEFINED 4
int a = DEFINED;

<><><><><><><><><><><><><><><><><><><><><><><><><>
(no error)
]


testPreprocessor[GLSL_PASSTHROUGH_bB149WHJMXASfFOJUlrhhdjem24]=[
#line 5 324
#version 330 core
int a = 4;
#line 43 453

foo bar 
#ifdef FOO
FOO is defined here
#endif
#define FOO 5
foo bar
#ifdef FOO
FOO is defined here
#endif

<><><><><><><><><><><><><><><><><><><><><><><><><>
(no error)
]


testPreprocessor[GLSL_PASSTHROUGH_wyy4x0OaDgyEmuM7w5N5SLtVji8]=[
#extension GL_ARB_texture_rectangle : enable
#extension GL_ARB_texture_rectangle : enable
#version 330 fjdsal fjsda fisda jfiojfdsaflkds
#line 1
#if 0
#endif
#line 2
int a = 4;
#define BAR 4
#define FOO 4
if (a == BAR) {
	a = FOO;
}

<><><><><><><><><><><><><><><><><><><><><><><><><>
(no error)
]


testPreprocessor[LINE_MARKERS_2jmj7l5rSw0yVb/vlWAYkK/YBwk]=[

<><><><><><><><><><><><><><><><><><><><><><><><><>
(no error)
]


testPreprocessor[errors,ARBITRARY_PRAGMAS_tkMavAFBAxEG3RtCGFwG7STeCK4]=[
#pragma

<><><><><><><><><><><><><><><><><><><><><><><><><>
io.github.douira.glsl_preprocessor.LexerException: Warning at 1:7: Empty #pragma
]


testPreprocessor[errors,GLSL_CUSTOM_PASSTHROUGH_LiielybpiPYMDUxz8pc85kwvnAI]=[
#custom fdskalfjk#fdsfldsj

<><><><><><><><><><><><><><><><><><><><><><><><><>
io.github.douira.glsl_preprocessor.InternalException: Bad token [#@1,17]:"#"
]


testPreprocessor[errors,GLSL_CUSTOM_PASSTHROUGH_aDv7vwg7JM7S15pnkSb2Vvu1P7U]=[
#version

<><><><><><><><><><><><><><><><><><><><><><><><><>
io.github.douira.glsl_preprocessor.LexerException: GLSL passthrough not enabled
]


testPreprocessor[errors,GLSL_PASSTHROUGH,GLSL_CUSTOM_PASSTHROUGH_SkPEvQvuleWLKW47WWP78/taGeU]=[
#pragma foo bar fdafds a

<><><><><><><><><><><><><><><><><><><><><><><><><>
io.github.douira.glsl_preprocessor.LexerException: Warning at 1:8: Unknown #pragma: foo
]


testPreprocessor[errors,GLSL_PASSTHROUGH_qT/RZ9gQ4GE2a78x7LH4SKT2FWo]=[
#custom fds

<><><><><><><><><><><><><><><><><><><><><><><><><>
io.github.douira.glsl_preprocessor.LexerException: GLSL custom passthrough not enabled
]